#
# This file is autogenerated by pip-compile
# To update, run:
#
#    pip-compile --output-file=tests/files/py3.8/boto3.txt tests/files/boto3.in
#
boto3==1.9.123            # via -r tests/files/boto3.in (line 1)
botocore==1.12.124        # via -r tests/files/boto3.in (line 2), boto3, s3transfer
docutils==0.14            # via -r tests/files/boto3.in (line 3), botocore
jmespath==0.9.4           # via -r tests/files/boto3.in (line 5), boto3, botocore
python-dateutil==2.8.0    # via -r tests/files/boto3.in (line 6), botocore
s3transfer==0.2.0         # via -r tests/files/boto3.in (line 7), boto3
six==1.12.0               # via -r tests/files/boto3.in (line 8), python-dateutil
urllib3==1.24.1           # via -r tests/files/boto3.in (line 9), botocore
